// Jest Snapshot v1, https://goo.gl/fbAQLP

exports[`Button Testing Should match snapshot 1`] = `
<button
  className="btn green ghost"
  data-testid="customBtn"
>
  Add Counter
</button>
`;
